    1C
    1UUSER                                                              
    1UDATE              19.october.2025                                 
    1UTIME              18:44:19                                        
    1UHOST                                                              
    1UPGM               CalculiX                                        
    1UVERSION           Version 2.23                             
    1UCOMPILETIME       Fri Oct 17 18:38:41 CEST 2025                    
    1UDIR                                                               
    1UDBN                                                               
    1UMAT    1MATERIAL                                                  
    2C                             2                                     1
 -1         1 0.00000E+00 0.00000E+00 0.00000E+00
 -1         2 1.00000E-01 0.00000E+00 0.00000E+00
 -3
    3C                             1                                     1
 -1         1   11    0    1
 -2         2         1
 -3
    1PSTEP                         1           6           1          
  100CL  101 1.00000E-01           2                     1    1           1
 -4  DISP        4    1
 -5  D1          1    2    1    0
 -5  D2          1    2    2    0
 -5  D3          1    2    3    0
 -5  ALL         1    2    0    0    1ALL
 -1         1 5.00000E-03-4.02509E-17-1.35049E-19
 -1         2 5.00000E-03-8.79948E-17 1.53764E-16
 -3
    1PSTEP                         2           6           1          
  100CL  101 1.00000E-01           2                     1    1           1
 -4  VELO        4    1
 -5  V1          1    2    1    0
 -5  V2          1    2    2    0
 -5  V3          1    2    3    0
 -5  ALL         1    2    0    0    1ALL
 -1         1 9.99998E-02-3.06036E-16 3.44274E-17
 -1         2 1.00000E-01-8.14105E-16 1.64365E-15
 -3
 9999
